Launching Vulkan Application:
- Layers overridden by "Synchronization" configuration.
- Executable Path: D:\CS\ComputerGraphics\vulkan\WindowsProject1\examples\MultiSubpasses\bin\Debug\MultiSubpasses.exe
- Working Directory: D:\CS\ComputerGraphics\vulkan\WindowsProject1\examples\MultiSubpasses
- Log file: D:\CS\ComputerGraphics\vulkan\WindowsProject1\MultiSubpasses.txt

D:\CS\ComputerGraphics\vulkan\WindowsProject1\examples\MultiSubpasses>D:\ProgrammingTools\vulkan\Bin\glslc ..\..\data\shaders\multisubpasses\multisubpass_vertex_shader_subpass0.vert   -o   ..\..\data\shaders\multisubpasses\multisubpass_vertex_shader_subpass0.spv 

D:\CS\ComputerGraphics\vulkan\WindowsProject1\examples\MultiSubpasses>D:\ProgrammingTools\vulkan\Bin\glslc ..\..\data\shaders\multisubpasses\multisubpass_fragment_shader_subpass0.frag -o   ..\..\data\shaders\multisubpasses\multisubpass_fragment_shader_subpass0.spv 

D:\CS\ComputerGraphics\vulkan\WindowsProject1\examples\MultiSubpasses>D:\ProgrammingTools\vulkan\Bin\glslc ..\..\data\shaders\multisubpasses\multisubpass_fragment_shader_subpass0_normal.frag -o		..\..\data\shaders\multisubpasses\multisubpass_fragment_shader_subpass0_normal.spv 

D:\CS\ComputerGraphics\vulkan\WindowsProject1\examples\MultiSubpasses>D:\ProgrammingTools\vulkan\Bin\glslc ..\..\data\shaders\multisubpasses\multisubpass_vertex_shader_subpass0_normal.vert -o		..\..\data\shaders\multisubpasses\multisubpass_vertex_shader_subpass0_normal.spv 

D:\CS\ComputerGraphics\vulkan\WindowsProject1\examples\MultiSubpasses>D:\ProgrammingTools\vulkan\Bin\glslc ..\..\data\shaders\multisubpasses\multisubpass_geometry_shader_subpass0_normal.geom -o		..\..\data\shaders\multisubpasses\multisubpass_geometry_shader_subpass0_normal.spv 

D:\CS\ComputerGraphics\vulkan\WindowsProject1\examples\MultiSubpasses>D:\ProgrammingTools\vulkan\Bin\glslc ..\..\data\shaders\multisubpasses\multisubpass_vertex_shader_subpass1.vert -o 		..\..\data\shaders\multisubpasses\multisubpass_vertex_shader_subpass1.spv 

D:\CS\ComputerGraphics\vulkan\WindowsProject1\examples\MultiSubpasses>D:\ProgrammingTools\vulkan\Bin\glslc ..\..\data\shaders\multisubpasses\multisubpass_fragment_shader_subpass1.frag -o 		..\..\data\shaders\multisubpasses\multisubpass_fragment_shader_subpass1.spv 
UNASSIGNED-CoreValidation-Shader-OutputNotConsumed(WARN / PERF): msgNum: 101294395 - Validation Performance Warning: [ UNASSIGNED-CoreValidation-Shader-OutputNotConsumed ] Object 0: handle = 0x238d7f00000000ba, type = VK_OBJECT_TYPE_SHADER_MODULE; | MessageID = 0x609a13b | Vertex attribute at location 2 not consumed by vertex shader
    Objects: 1
        [0] 0x238d7f00000000ba, type: 15, name: NULL
UNASSIGNED-CoreValidation-Shader-OutputNotConsumed(WARN / PERF): msgNum: 101294395 - Validation Performance Warning: [ UNASSIGNED-CoreValidation-Shader-OutputNotConsumed ] Object 0: handle = 0x238d7f00000000ba, type = VK_OBJECT_TYPE_SHADER_MODULE; | MessageID = 0x609a13b | Vertex attribute at location 3 not consumed by vertex shader
    Objects: 1
        [0] 0x238d7f00000000ba, type: 15, name: NULL
VUID-vkDestroyDevice-device-00378(ERROR / SPEC): msgNum: 1901072314 - Validation Error: [ VUID-vkDestroyDevice-device-00378 ] Object 0: handle = 0x1a53b614058, type = VK_OBJECT_TYPE_DEVICE; Object 1: handle = 0xb3ec550000000090, type = VK_OBJECT_TYPE_BUFFER; | MessageID = 0x71500fba | OBJ ERROR : For VkDevice 0x1a53b614058[], VkBuffer 0xb3ec550000000090[] has not been destroyed. The Vulkan spec states: All child objects created on device must have been destroyed prior to destroying device (https://vulkan.lunarg.com/doc/view/1.2.170.0/windows/1.2-extensions/vkspec.html#VUID-vkDestroyDevice-device-00378)
    Objects: 2
        [0] 0x1a53b614058, type: 3, name: NULL
        [1] 0xb3ec550000000090, type: 9, name: NULL
VUID-vkDestroyDevice-device-00378(ERROR / SPEC): msgNum: 1901072314 - Validation Error: [ VUID-vkDestroyDevice-device-00378 ] Object 0: handle = 0x1a53b614058, type = VK_OBJECT_TYPE_DEVICE; Object 1: handle = 0x9280970000000092, type = VK_OBJECT_TYPE_BUFFER; | MessageID = 0x71500fba | OBJ ERROR : For VkDevice 0x1a53b614058[], VkBuffer 0x9280970000000092[] has not been destroyed. The Vulkan spec states: All child objects created on device must have been destroyed prior to destroying device (https://vulkan.lunarg.com/doc/view/1.2.170.0/windows/1.2-extensions/vkspec.html#VUID-vkDestroyDevice-device-00378)
    Objects: 2
        [0] 0x1a53b614058, type: 3, name: NULL
        [1] 0x9280970000000092, type: 9, name: NULL
VUID-vkDestroyDevice-device-00378(ERROR / SPEC): msgNum: 1901072314 - Validation Error: [ VUID-vkDestroyDevice-device-00378 ] Object 0: handle = 0x1a53b614058, type = VK_OBJECT_TYPE_DEVICE; Object 1: handle = 0xd15c48000000006d, type = VK_OBJECT_TYPE_BUFFER; | MessageID = 0x71500fba | OBJ ERROR : For VkDevice 0x1a53b614058[], VkBuffer 0xd15c48000000006d[] has not been destroyed. The Vulkan spec states: All child objects created on device must have been destroyed prior to destroying device (https://vulkan.lunarg.com/doc/view/1.2.170.0/windows/1.2-extensions/vkspec.html#VUID-vkDestroyDevice-device-00378)
    Objects: 2
        [0] 0x1a53b614058, type: 3, name: NULL
        [1] 0xd15c48000000006d, type: 9, name: NULL
VUID-vkDestroyDevice-device-00378(ERROR / SPEC): msgNum: 1901072314 - Validation Error: [ VUID-vkDestroyDevice-device-00378 ] Object 0: handle = 0x1a53b614058, type = VK_OBJECT_TYPE_DEVICE; Object 1: handle = 0x5b070b000000008e, type = VK_OBJECT_TYPE_BUFFER; | MessageID = 0x71500fba | OBJ ERROR : For VkDevice 0x1a53b614058[], VkBuffer 0x5b070b000000008e[] has not been destroyed. The Vulkan spec states: All child objects created on device must have been destroyed prior to destroying device (https://vulkan.lunarg.com/doc/view/1.2.170.0/windows/1.2-extensions/vkspec.html#VUID-vkDestroyDevice-device-00378)
    Objects: 2
        [0] 0x1a53b614058, type: 3, name: NULL
        [1] 0x5b070b000000008e, type: 9, name: NULL
VUID-vkDestroyDevice-device-00378(ERROR / SPEC): msgNum: 1901072314 - Validation Error: [ VUID-vkDestroyDevice-device-00378 ] Object 0: handle = 0x1a53b614058, type = VK_OBJECT_TYPE_DEVICE; Object 1: handle = 0x8e84cc0000000069, type = VK_OBJECT_TYPE_BUFFER; | MessageID = 0x71500fba | OBJ ERROR : For VkDevice 0x1a53b614058[], VkBuffer 0x8e84cc0000000069[] has not been destroyed. The Vulkan spec states: All child objects created on device must have been destroyed prior to destroying device (https://vulkan.lunarg.com/doc/view/1.2.170.0/windows/1.2-extensions/vkspec.html#VUID-vkDestroyDevice-device-00378)
    Objects: 2
        [0] 0x1a53b614058, type: 3, name: NULL
        [1] 0x8e84cc0000000069, type: 9, name: NULL
VUID-vkDestroyDevice-device-00378(ERROR / SPEC): msgNum: 1901072314 - Validation Error: [ VUID-vkDestroyDevice-device-00378 ] Object 0: handle = 0x1a53b614058, type = VK_OBJECT_TYPE_DEVICE; Object 1: handle = 0xd558130000000096, type = VK_OBJECT_TYPE_BUFFER; | MessageID = 0x71500fba | OBJ ERROR : For VkDevice 0x1a53b614058[], VkBuffer 0xd558130000000096[] has not been destroyed. The Vulkan spec states: All child objects created on device must have been destroyed prior to destroying device (https://vulkan.lunarg.com/doc/view/1.2.170.0/windows/1.2-extensions/vkspec.html#VUID-vkDestroyDevice-device-00378)
    Objects: 2
        [0] 0x1a53b614058, type: 3, name: NULL
        [1] 0xd558130000000096, type: 9, name: NULL
VUID-vkDestroyDevice-device-00378(ERROR / SPEC): msgNum: 1901072314 - Validation Error: [ VUID-vkDestroyDevice-device-00378 ] Object 0: handle = 0x1a53b614058, type = VK_OBJECT_TYPE_DEVICE; Object 1: handle = 0xf6c3d10000000094, type = VK_OBJECT_TYPE_BUFFER; | MessageID = 0x71500fba | OBJ ERROR : For VkDevice 0x1a53b614058[], VkBuffer 0xf6c3d10000000094[] has not been destroyed. The Vulkan spec states: All child objects created on device must have been destroyed prior to destroying device (https://vulkan.lunarg.com/doc/view/1.2.170.0/windows/1.2-extensions/vkspec.html#VUID-vkDestroyDevice-device-00378)
    Objects: 2
        [0] 0x1a53b614058, type: 3, name: NULL
        [1] 0xf6c3d10000000094, type: 9, name: NULL
VUID-vkDestroyDevice-device-00378(ERROR / SPEC): msgNum: 1901072314 - Validation Error: [ VUID-vkDestroyDevice-device-00378 ] Object 0: handle = 0x1a53b614058, type = VK_OBJECT_TYPE_DEVICE; Object 1: handle = 0x2e3d5d0000000098, type = VK_OBJECT_TYPE_BUFFER; | MessageID = 0x71500fba | OBJ ERROR : For VkDevice 0x1a53b614058[], VkBuffer 0x2e3d5d0000000098[] has not been destroyed. The Vulkan spec states: All child objects created on device must have been destroyed prior to destroying device (https://vulkan.lunarg.com/doc/view/1.2.170.0/windows/1.2-extensions/vkspec.html#VUID-vkDestroyDevice-device-00378)
    Objects: 2
        [0] 0x1a53b614058, type: 3, name: NULL
        [1] 0x2e3d5d0000000098, type: 9, name: NULL
VUID-vkDestroyDevice-device-00378(ERROR / SPEC): msgNum: 1901072314 - Validation Error: [ VUID-vkDestroyDevice-device-00378 ] Object 0: handle = 0x1a53b614058, type = VK_OBJECT_TYPE_DEVICE; Object 1: handle = 0x1385b20000000057, type = VK_OBJECT_TYPE_IMAGE; | MessageID = 0x71500fba | OBJ ERROR : For VkDevice 0x1a53b614058[], VkImage 0x1385b20000000057[] has not been destroyed. The Vulkan spec states: All child objects created on device must have been destroyed prior to destroying device (https://vulkan.lunarg.com/doc/view/1.2.170.0/windows/1.2-extensions/vkspec.html#VUID-vkDestroyDevice-device-00378)
    Objects: 2
        [0] 0x1a53b614058, type: 3, name: NULL
        [1] 0x1385b20000000057, type: 10, name: NULL
VUID-vkDestroyDevice-device-00378(ERROR / SPEC): msgNum: 1901072314 - Validation Error: [ VUID-vkDestroyDevice-device-00378 ] Object 0: handle = 0x1a53b614058, type = VK_OBJECT_TYPE_DEVICE; Object 1: handle = 0x6269300000000015, type = VK_OBJECT_TYPE_IMAGE; | MessageID = 0x71500fba | OBJ ERROR : For VkDevice 0x1a53b614058[], VkImage 0x6269300000000015[] has not been destroyed. The Vulkan spec states: All child objects created on device must have been destroyed prior to destroying device (https://vulkan.lunarg.com/doc/view/1.2.170.0/windows/1.2-extensions/vkspec.html#VUID-vkDestroyDevice-device-00378)
    Objects: 2
        [0] 0x1a53b614058, type: 3, name: NULL
        [1] 0x6269300000000015, type: 10, name: NULL
VUID-vkDestroyDevice-device-00378(ERROR / SPEC): msgNum: 1901072314 - Validation Error: [ VUID-vkDestroyDevice-device-00378 ] Object 0: handle = 0x1a53b614058, type = VK_OBJECT_TYPE_DEVICE; Object 1: handle = 0x41ab840000000021, type = VK_OBJECT_TYPE_IMAGE; | MessageID = 0x71500fba | OBJ ERROR : For VkDevice 0x1a53b614058[], VkImage 0x41ab840000000021[] has not been destroyed. The Vulkan spec states: All child objects created on device must have been destroyed prior to destroying device (https://vulkan.lunarg.com/doc/view/1.2.170.0/windows/1.2-extensions/vkspec.html#VUID-vkDestroyDevice-device-00378)
    Objects: 2
        [0] 0x1a53b614058, type: 3, name: NULL
        [1] 0x41ab840000000021, type: 10, name: NULL
VUID-vkDestroyDevice-device-00378(ERROR / SPEC): msgNum: 1901072314 - Validation Error: [ VUID-vkDestroyDevice-device-00378 ] Object 0: handle = 0x1a53b614058, type = VK_OBJECT_TYPE_DEVICE; Object 1: handle = 0x7876fe000000001b, type = VK_OBJECT_TYPE_IMAGE; | MessageID = 0x71500fba | OBJ ERROR : For VkDevice 0x1a53b614058[], VkImage 0x7876fe000000001b[] has not been destroyed. The Vulkan spec states: All child objects created on device must have been destroyed prior to destroying device (https://vulkan.lunarg.com/doc/view/1.2.170.0/windows/1.2-extensions/vkspec.html#VUID-vkDestroyDevice-device-00378)
    Objects: 2
        [0] 0x1a53b614058, type: 3, name: NULL
        [1] 0x7876fe000000001b, type: 10, name: NULL
VUID-vkDestroyDevice-device-00378(ERROR / SPEC): msgNum: 1901072314 - Validation Error: [ VUID-vkDestroyDevice-device-00378 ] Object 0: handle = 0x1a53b614058, type = VK_OBJECT_TYPE_DEVICE; Object 1: handle = 0xfed408000000002d, type = VK_OBJECT_TYPE_IMAGE; | MessageID = 0x71500fba | OBJ ERROR : For VkDevice 0x1a53b614058[], VkImage 0xfed408000000002d[] has not been destroyed. The Vulkan spec states: All child objects created on device must have been destroyed prior to destroying device (https://vulkan.lunarg.com/doc/view/1.2.170.0/windows/1.2-extensions/vkspec.html#VUID-vkDestroyDevice-device-00378)
    Objects: 2
        [0] 0x1a53b614058, type: 3, name: NULL
        [1] 0xfed408000000002d, type: 10, name: NULL
VUID-vkDestroyDevice-device-00378(ERROR / SPEC): msgNum: 1901072314 - Validation Error: [ VUID-vkDestroyDevice-device-00378 ] Object 0: handle = 0x1a53b614058, type = VK_OBJECT_TYPE_DEVICE; Object 1: handle = 0x51053f000000007a, type = VK_OBJECT_TYPE_IMAGE; | MessageID = 0x71500fba | OBJ ERROR : For VkDevice 0x1a53b614058[], VkImage 0x51053f000000007a[] has not been destroyed. The Vulkan spec states: All child objects created on device must have been destroyed prior to destroying device (https://vulkan.lunarg.com/doc/view/1.2.170.0/windows/1.2-extensions/vkspec.html#VUID-vkDestroyDevice-device-00378)
    Objects: 2
        [0] 0x1a53b614058, type: 3, name: NULL
        [1] 0x51053f000000007a, type: 10, name: NULL
VUID-vkDestroyDevice-device-00378(ERROR / SPEC): msgNum: 1901072314 - Validation Error: [ VUID-vkDestroyDevice-device-00378 ] Object 0: handle = 0x1a53b614058, type = VK_OBJECT_TYPE_DEVICE; Object 1: handle = 0x6317420000000027, type = VK_OBJECT_TYPE_IMAGE; | MessageID = 0x71500fba | OBJ ERROR : For VkDevice 0x1a53b614058[], VkImage 0x6317420000000027[] has not been destroyed. The Vulkan spec states: All child objects created on device must have been destroyed prior to destroying device (https://vulkan.lunarg.com/doc/view/1.2.170.0/windows/1.2-extensions/vkspec.html#VUID-vkDestroyDevice-device-00378)
    Objects: 2
        [0] 0x1a53b614058, type: 3, name: NULL
        [1] 0x6317420000000027, type: 10, name: NULL
VUID-vkDestroyDevice-device-00378(ERROR / SPEC): msgNum: 1901072314 - Validation Error: [ VUID-vkDestroyDevice-device-00378 ] Object 0: handle = 0x1a53b614058, type = VK_OBJECT_TYPE_DEVICE; Object 1: handle = 0xaf4278000000005d, type = VK_OBJECT_TYPE_IMAGE; | MessageID = 0x71500fba | OBJ ERROR : For VkDevice 0x1a53b614058[], VkImage 0xaf4278000000005d[] has not been destroyed. The Vulkan spec states: All child objects created on device must have been destroyed prior to destroying device (https://vulkan.lunarg.com/doc/view/1.2.170.0/windows/1.2-extensions/vkspec.html#VUID-vkDestroyDevice-device-00378)
    Objects: 2
        [0] 0x1a53b614058, type: 3, name: NULL
        [1] 0xaf4278000000005d, type: 10, name: NULL
VUID-vkDestroyDevice-device-00378(ERROR / SPEC): msgNum: 1901072314 - Validation Error: [ VUID-vkDestroyDevice-device-00378 ] Object 0: handle = 0x1a53b614058, type = VK_OBJECT_TYPE_DEVICE; Object 1: handle = 0xf219f40000000051, type = VK_OBJECT_TYPE_IMAGE; | MessageID = 0x71500fba | OBJ ERROR : For VkDevice 0x1a53b614058[], VkImage 0xf219f40000000051[] has not been destroyed. The Vulkan spec states: All child objects created on device must have been destroyed prior to destroying device (https://vulkan.lunarg.com/doc/view/1.2.170.0/windows/1.2-extensions/vkspec.html#VUID-vkDestroyDevice-device-00378)
    Objects: 2
        [0] 0x1a53b614058, type: 3, name: NULL
        [1] 0xf219f40000000051, type: 10, name: NULL
VUID-vkDestroyDevice-device-00378(ERROR / SPEC): msgNum: 1901072314 - Validation Error: [ VUID-vkDestroyDevice-device-00378 ] Object 0: handle = 0x1a53b614058, type = VK_OBJECT_TYPE_DEVICE; Object 1: handle = 0xb09e9c0000000039, type = VK_OBJECT_TYPE_IMAGE; | MessageID = 0x71500fba | OBJ ERROR : For VkDevice 0x1a53b614058[], VkImage 0xb09e9c0000000039[] has not been destroyed. The Vulkan spec states: All child objects created on device must have been destroyed prior to destroying device (https://vulkan.lunarg.com/doc/view/1.2.170.0/windows/1.2-extensions/vkspec.html#VUID-vkDestroyDevice-device-00378)
    Objects: 2
        [0] 0x1a53b614058, type: 3, name: NULL
        [1] 0xb09e9c0000000039, type: 10, name: NULL
VUID-vkDestroyDevice-device-00378(ERROR / SPEC): msgNum: 1901072314 - Validation Error: [ VUID-vkDestroyDevice-device-00378 ] Object 0: handle = 0x1a53b614058, type = VK_OBJECT_TYPE_DEVICE; Object 1: handle = 0x565d2e000000004b, type = VK_OBJECT_TYPE_IMAGE; | MessageID = 0x71500fba | OBJ ERROR : For VkDevice 0x1a53b614058[], VkImage 0x565d2e000000004b[] has not been destroyed. The Vulkan spec states: All child objects created on device must have been destroyed prior to destroying device (https://vulkan.lunarg.com/doc/view/1.2.170.0/windows/1.2-extensions/vkspec.html#VUID-vkDestroyDevice-device-00378)
    Objects: 2
        [0] 0x1a53b614058, type: 3, name: NULL
        [1] 0x565d2e000000004b, type: 10, name: NULL
VUID-vkDestroyDevice-device-00378(ERROR / SPEC): msgNum: 1901072314 - Validation Error: [ VUID-vkDestroyDevice-device-00378 ] Object 0: handle = 0x1a53b614058, type = VK_OBJECT_TYPE_DEVICE; Object 1: handle = 0xc6ac6a000000000f, type = VK_OBJECT_TYPE_IMAGE; | MessageID = 0x71500fba | OBJ ERROR : For VkDevice 0x1a53b614058[], VkImage 0xc6ac6a000000000f[] has not been destroyed. The Vulkan spec states: All child objects created on device must have been destroyed prior to destroying device (https://vulkan.lunarg.com/doc/view/1.2.170.0/windows/1.2-extensions/vkspec.html#VUID-vkDestroyDevice-device-00378)
    Objects: 2
        [0] 0x1a53b614058, type: 3, name: NULL
        [1] 0xc6ac6a000000000f, type: 10, name: NULL
Process terminated